Microchip MPLAB XC8 Compiler V2.45

Linker command line:

-W-3 --edf=E:\xc8 compiler\pic\dat\20230818022343_en.msgs -cn \
  -h+dist/default/production\METEO_STATION_MASTER_WITH_LCD.X.production.sym \
  --cmf=dist/default/production\METEO_STATION_MASTER_WITH_LCD.X.production.cmf \
  -z -Q16F877A -oC:\Users\pc\AppData\Local\Temp\xcAspfk.\driver_tmp_3.o \
  --defsym=__MPLAB_BUILD=1 --fixupoverflow=error \
  -Mdist/default/production/METEO_STATION_MASTER_WITH_LCD.X.production.map \
  --md=C:\Users\pc\AppData\Local\Temp\xcAspfk.\driver_tmp_0.dat -E1 \
  -ver=XC8 Compiler --acfsm=1493 -ACODE=00h-07FFhx4 -ASTRCODE=00h-01FFFh \
  -ASTRING=00h-0FFhx32 -ACONST=00h-0FFhx32 -AENTRY=00h-0FFhx32 \
  -ACOMMON=070h-07Fh -ABANK0=020h-06Fh -ABANK1=0A0h-0EFh \
  -ABANK2=0110h-016Fh -ABANK3=0190h-01EFh \
  -ARAM=020h-06Fh,0A0h-0EFh,0110h-016Fh,0190h-01EFh \
  -AABS1=020h-07Fh,0A0h-0EFh,0110h-016Fh,0190h-01EFh -ASFR0=00h-01Fh \
  -ASFR1=080h-09Fh -ASFR2=0100h-010Fh -ASFR3=0180h-018Fh \
  -ACONFIG=02007h-02007h -DCONFIG=2 -AIDLOC=02000h-02003h -DIDLOC=2 \
  -AEEDATA=00h-0FFh/02100h -peeprom_data=EEDATA -DEEDATA=2 -DCODE=2 \
  -DSTRCODE=2 -DSTRING=2 -DCONST=2 -DENTRY=2 \
  -preset_vec=00h,intentry,init,end_init -ppowerup=CODE -pcinit=CODE \
  -pfunctab=ENTRY -k \
  C:\Users\pc\AppData\Local\Temp\xcAspfk.\driver_tmp_12.o \
  dist/default/production\METEO_STATION_MASTER_WITH_LCD.X.production.o 

Object code version is 3.11

Machine type is 16F877A



                Name                               Link     Load   Length Selector   Space Scale
C:\Users\pc\AppData\Local\Temp\xcAspfk.\driver_tmp_12.o
                end_init                              0        0        3        0       0
                config                             2007     2007        1        0       4
dist/default/production\METEO_STATION_MASTER_WITH_LCD.X.production.o
                cinit                               7F4      7F4        C      FE8       0
                config                             2007     2007        1        0       4
                text18                              45E      45E        D      8BC       0
                text17                              442      442        9      884       0
                text16                              44B      44B        9      896       0
                text15                              478      478       10      8F0       0
                text14                              50B      50B       24      A16       0
                text13                              46B      46B        D      8D6       0
                text12                              454      454        A      8A8       0
                text11                              488      488       18      910       0
                text10                              4EE      4EE       1D      9DC       0
                text9                               4A0      4A0       19      940       0
                text8                               4B9      4B9       1A      972       0
                text7                               76C      76C       88      ED8       0
                text6                               52F      52F       36      A5E       0
                text5                               4D3      4D3       1B      9A6       0
                text4                               565      565       42      ACA       0
                text3                               600      600       67      C00       0
                text2                               5A7      5A7       59      B4E       0
                text1                               667      667       7E      CCE       0
                maintext                            6E5      6E5       87      DCA       0
                cstackBANK0                          20       20       2A       20       1
                cstackCOMMON                         70       70        D       70       1
                dataBANK0                            4C       4C        1       20       1
                bssBANK0                             4B       4B        1       20       1
                bssCOMMON                            7D       7D        1       70       1
                strings                               3        3       1C        6       0
                nvBANK0                              4A       4A        1       20       1
                idataBANK0                          441      441        1      882       0

TOTAL           Name                               Link     Load   Length     Space
        CLASS   CODE           
                end_init                              0        0        3         0
                cinit                               7F4      7F4        C         0
                text18                              45E      45E        D         0
                text17                              442      442        9         0
                text16                              44B      44B        9         0
                text15                              478      478       10         0
                text14                              50B      50B       24         0
                text13                              46B      46B        D         0
                text12                              454      454        A         0
                text11                              488      488       18         0
                text10                              4EE      4EE       1D         0
                text9                               4A0      4A0       19         0
                text8                               4B9      4B9       1A         0
                text7                               76C      76C       88         0
                text6                               52F      52F       36         0
                text5                               4D3      4D3       1B         0
                text4                               565      565       42         0
                text3                               600      600       67         0
                text2                               5A7      5A7       59         0
                text1                               667      667       7E         0
                maintext                            6E5      6E5       87         0
                idataBANK0                          441      441        1         0

        CLASS   STRCODE        

        CLASS   STRING         
                strings                               3        3       1C         0

        CLASS   CONST          

        CLASS   ENTRY          

        CLASS   COMMON         
                cstackCOMMON                         70       70        D         1
                bssCOMMON                            7D       7D        1         1

        CLASS   BANK0          
                cstackBANK0                          20       20       2A         1
                dataBANK0                            4C       4C        1         1
                bssBANK0                             4B       4B        1         1
                nvBANK0                              4A       4A        1         1

        CLASS   BANK1          

        CLASS   BANK2          

        CLASS   BANK3          

        CLASS   RAM            

        CLASS   ABS1           
                abs_s1                               7E       7E        2         1

        CLASS   SFR0           

        CLASS   SFR1           

        CLASS   SFR2           

        CLASS   SFR3           

        CLASS   CONFIG         
                config                             2007     2007        1         4

        CLASS   IDLOC          

        CLASS   EEDATA         

        CLASS   HEAP           

        CLASS   STACK          



SEGMENTS        Name                           Load    Length   Top    Selector   Space  Class     Delta

                reset_vec                      000000  000003  000003         0       0  CODE        2
                strings                        000003  00001C  00001F         6       0  STRING      2
                cstackBANK0                    000020  00002D  00004D        20       1  BANK0       1
                cstackCOMMON                   000070  00000E  00007E        70       1  COMMON      1
                idataBANK0                     000441  000001  000442       882       0  CODE        2
                text17                         000442  000009  00044B       884       0  CODE        2
                text16                         00044B  000009  000454       896       0  CODE        2
                text12                         000454  00000A  00045E       8A8       0  CODE        2
                text18                         00045E  00000D  00046B       8BC       0  CODE        2
                text13                         00046B  00000D  000478       8D6       0  CODE        2
                text15                         000478  000010  000488       8F0       0  CODE        2
                text11                         000488  000018  0004A0       910       0  CODE        2
                text9                          0004A0  000019  0004B9       940       0  CODE        2
                text8                          0004B9  00001A  0004D3       972       0  CODE        2
                text5                          0004D3  00001B  0004EE       9A6       0  CODE        2
                text10                         0004EE  00001D  00050B       9DC       0  CODE        2
                text14                         00050B  000024  00052F       A16       0  CODE        2
                text6                          00052F  000036  000565       A5E       0  CODE        2
                text4                          000565  000042  0005A7       ACA       0  CODE        2
                text2                          0005A7  000059  000600       B4E       0  CODE        2
                text3                          000600  000067  000667       C00       0  CODE        2
                text1                          000667  00007E  0006E5       CCE       0  CODE        2
                maintext                       0006E5  000087  00076C       DCA       0  CODE        2
                text7                          00076C  000088  0007F4       ED8       0  CODE        2
                cinit                          0007F4  00000C  000800       FE8       0  CODE        2


UNUSED ADDRESS RANGES

        Name                Unused          Largest block    Delta
        BANK0            004D-006F             23           1
        BANK1            00A0-00EF             50           1
        BANK2            0110-016F             60           1
        BANK3            0190-01EF             60           1
        CODE             001F-0440            422           2
                         0800-1FFF            800
        CONST            001F-0440            100           2
                         0800-1FFF            100
        EEDATA           2100-21FF            100           2
        ENTRY            001F-0440            100           2
                         0800-1FFF            100
        IDLOC            2000-2003              4           2
        RAM              004D-006F             23           1
                         00A0-00EF             50
                         0110-016F             60
                         0190-01EF             60
        SFR0             0000-001F             20           1
        SFR1             0080-009F             20           1
        SFR2             0100-010F             10           1
        SFR3             0180-018F             10           1
        STRCODE          001F-0440            422           2
                         0800-1FFF           1800
        STRING           001F-0440            100           2
                         0800-1FFF            100

                                  Symbol Table

?___awdiv                  cstackCOMMON 0070
?___awmod                  cstackCOMMON 0070
EEPROM_write@Address_High  cstackCOMMON 0073
EEPROM_write@Address_LOW   cstackCOMMON 0071
EEPROM_write@data          cstackCOMMON 0072
I2C_Read@Data              cstackCOMMON 0070
I2C_Write@Data             cstackCOMMON 0070
IO_Expander_Write@Data     cstackCOMMON 0071
LCD_CMD@CMD                cstackCOMMON 0075
LCD_Init@I2C_Add           cstackCOMMON 0078
LCD_Set_Cursor@COL         cstackCOMMON 0076
LCD_Set_Cursor@ROW         cstackCOMMON 0079
LCD_Write_4Bit@Nibble      cstackCOMMON 0073
LCD_Write_Char@Data        cstackCOMMON 0075
LCD_Write_String@Str       cstackCOMMON 0076
LCD_Write_String@i         cstackCOMMON 007B
_ACKDT                     (abs)        048D
_ACKEN                     (abs)        048C
_ACKSTAT                   (abs)        048E
_BackLight_State           dataBANK0    004C
_EEPROM_write              text14       050B
_I2C_Master_Init           text13       046B
_I2C_NACK                  text12       0454
_I2C_Read                  text11       0488
_I2C_Start                 text17       0442
_I2C_Stop                  text16       044B
_I2C_Wait                  text18       045E
_I2C_Write                 text15       0478
_IO_Expander_Write         text10       04EE
_LCD_CMD                   text8        04B9
_LCD_Init                  text7        076C
_LCD_Set_Cursor            text6        052F
_LCD_Write_4Bit            text9        04A0
_LCD_Write_Char            text5        04D3
_LCD_Write_String          text4        0565
_PEN                       (abs)        048A
_PORTDbits                 (abs)        0008
_RS                        bssCOMMON    007D
_RSEN                      (abs)        0489
_SEN                       (abs)        0488
_SSPADD                    (abs)        0093
_SSPBUF                    (abs)        0013
_SSPCON                    (abs)        0014
_SSPCON2                   (abs)        0091
_SSPCON2bits               (abs)        0091
_SSPSTAT                   (abs)        0094
_TRISC3                    (abs)        043B
_TRISC4                    (abs)        043C
_TRISD                     (abs)        0088
_Temp_value                bssBANK0     004B
__H__absolute__            __absolute__ 0000
__Habs1                    abs1         0000
__Hbank0                   bank0        0000
__Hbank1                   bank1        0000
__Hbank2                   bank2        0000
__Hbank3                   bank3        0000
__HbssBANK0                bssBANK0     0000
__HbssCOMMON               bssCOMMON    0000
__Hcinit                   cinit        0800
__Hclrtext                 clrtext      0000
__Hcode                    code         0000
__Hcommon                  common       0000
__Hconfig                  config       2008
__HcstackBANK0             cstackBANK0  0000
__HcstackCOMMON            cstackCOMMON 0000
__HdataBANK0               dataBANK0    0000
__Heeprom_data             eeprom_data  0000
__Hend_init                end_init     0003
__Hfunctab                 functab      0000
__Hheap                    heap         0000
__HidataBANK0              idataBANK0   0000
__Hinit                    init         0000
__Hintentry                intentry     0000
__Hmaintext                maintext     0000
__HnvBANK0                 nvBANK0      0000
__Hpowerup                 powerup      0000
__Hram                     ram          0000
__Hreset_vec               reset_vec    0000
__Hsfr0                    sfr0         0000
__Hsfr1                    sfr1         0000
__Hsfr2                    sfr2         0000
__Hsfr3                    sfr3         0000
__Hspace_0                 (abs)        0800
__Hspace_1                 (abs)        007E
__Hspace_2                 (abs)        0000
__Hspace_3                 (abs)        0000
__Hspace_4                 (abs)        400F
__Hstack                   stack        0000
__Hstrings                 strings      0000
__Htext                    text         0000
__L__absolute__            __absolute__ 0000
__Labs1                    abs1         0000
__Lbank0                   bank0        0000
__Lbank1                   bank1        0000
__Lbank2                   bank2        0000
__Lbank3                   bank3        0000
__LbssBANK0                bssBANK0     0000
__LbssCOMMON               bssCOMMON    0000
__Lcinit                   cinit        07F4
__Lclrtext                 clrtext      0000
__Lcode                    code         0000
__Lcommon                  common       0000
__Lconfig                  config       0000
__LcstackBANK0             cstackBANK0  0000
__LcstackCOMMON            cstackCOMMON 0000
__LdataBANK0               dataBANK0    0000
__Leeprom_data             eeprom_data  0000
__Lend_init                end_init     0000
__Lfunctab                 functab      0000
__Lheap                    heap         0000
__LidataBANK0              idataBANK0   0000
__Linit                    init         0000
__Lintentry                intentry     0000
__Lmaintext                maintext     0000
__LnvBANK0                 nvBANK0      0000
__Lpowerup                 powerup      0000
__Lram                     ram          0000
__Lreset_vec               reset_vec    0000
__Lsfr0                    sfr0         0000
__Lsfr1                    sfr1         0000
__Lsfr2                    sfr2         0000
__Lsfr3                    sfr3         0000
__Lspace_0                 (abs)        0000
__Lspace_1                 (abs)        0000
__Lspace_2                 (abs)        0000
__Lspace_3                 (abs)        0000
__Lspace_4                 (abs)        0000
__Lstack                   stack        0000
__Lstrings                 strings      0000
__Ltext                    text         0000
__S0                       (abs)        0800
__S1                       (abs)        007E
__S3                       (abs)        0000
___awdiv                   text3        0600
___awdiv@counter           cstackCOMMON 0074
___awdiv@dividend          cstackCOMMON 0072
___awdiv@divisor           cstackCOMMON 0070
___awdiv@quotient          cstackCOMMON 0076
___awdiv@sign              cstackCOMMON 0075
___awmod                   text2        05A7
___awmod@counter           cstackCOMMON 0074
___awmod@dividend          cstackCOMMON 0072
___awmod@divisor           cstackCOMMON 0070
___awmod@sign              cstackCOMMON 0075
___heap_hi                 (abs)        0000
___heap_lo                 (abs)        0000
___int_sp                  stack        0000
___int_stack_hi            stack        0000
___int_stack_lo            stack        0000
___latbits                 (abs)        0002
___sp                      stack        0000
___stack_hi                stack        0000
___stack_lo                stack        0000
___stackhi                 (abs)        0000
___stacklo                 (abs)        0000
__end_of_EEPROM_write      text14       052F
__end_of_I2C_Master_Init   text13       0478
__end_of_I2C_NACK          text12       045E
__end_of_I2C_Read          text11       04A0
__end_of_I2C_Start         text17       044B
__end_of_I2C_Stop          text16       0454
__end_of_I2C_Wait          text18       046B
__end_of_I2C_Write         text15       0488
__end_of_IO_Expander_Write text10       050B
__end_of_LCD_CMD           text8        04D3
__end_of_LCD_Init          text7        07F4
__end_of_LCD_Set_Cursor    text6        0565
__end_of_LCD_Write_4Bit    text9        04B9
__end_of_LCD_Write_Char    text5        04EE
__end_of_LCD_Write_String  text4        05A7
__end_of___awdiv           text3        0667
__end_of___awmod           text2        0600
__end_of__initialization   cinit        07FC
__end_of__stringtab        strings      0013
__end_of_main              maintext     076C
__end_of_tostring          text1        06E5
__initialization           cinit        07F4
__pbssBANK0                bssBANK0     004B
__pbssCOMMON               bssCOMMON    007D
__pcstackBANK0             cstackBANK0  0020
__pcstackCOMMON            cstackCOMMON 0070
__pdataBANK0               dataBANK0    004C
__pidataBANK0              idataBANK0   0441
__pmaintext                maintext     06E5
__pnvBANK0                 nvBANK0      004A
__pstrings                 strings      0003
__ptext1                   text1        0667
__ptext10                  text10       04EE
__ptext11                  text11       0488
__ptext12                  text12       0454
__ptext13                  text13       046B
__ptext14                  text14       050B
__ptext15                  text15       0478
__ptext16                  text16       044B
__ptext17                  text17       0442
__ptext18                  text18       045E
__ptext2                   text2        05A7
__ptext3                   text3        0600
__ptext4                   text4        0565
__ptext5                   text5        04D3
__ptext6                   text6        052F
__ptext7                   text7        076C
__ptext8                   text8        04B9
__ptext9                   text9        04A0
__stringbase               strings      0012
__stringtab                strings      0003
_i2c_add                   nvBANK0      004A
_main                      maintext     06E5
_tostring                  text1        0667
btemp                      (abs)        007E
end_of_initialization      cinit        07FC
intlevel0                  functab      0000
intlevel1                  functab      0000
intlevel2                  functab      0000
intlevel3                  functab      0000
intlevel4                  functab      0000
intlevel5                  functab      0000
main@str                   cstackBANK0  002C
reset_vec                  reset_vec    0000
start                      init         0000
start_initialization       cinit        07F4
tostring@i                 cstackBANK0  0022
tostring@len               cstackBANK0  0027
tostring@n                 cstackBANK0  0024
tostring@num               cstackCOMMON 0078
tostring@rem               cstackBANK0  0020
tostring@str               cstackBANK0  0026
wtemp0                     (abs)        007E


MODULE INFORMATION

Module		Function		Class		Link	Load	Size
E:\xc8 compiler\pic\sources\c99\common\awdiv.c
		___awdiv       		CODE           	0600	0000	103

E:\xc8 compiler\pic\sources\c99\common\awdiv.c estimated size: 103

shared
		__stringtab    		STRING         	0003	0000	16
		__initialization		CODE           	07F4	0000	8

shared estimated size: 24

E:\xc8 compiler\pic\sources\c99\common\awmod.c
		___awmod       		CODE           	05A7	0000	89

E:\xc8 compiler\pic\sources\c99\common\awmod.c estimated size: 89

main.c
		_tostring      		CODE           	0667	0000	126
		_LCD_Init      		CODE           	076C	0000	136
		_LCD_Write_4Bit		CODE           	04A0	0000	25
		_LCD_Write_Char		CODE           	04D3	0000	27
		_LCD_CMD       		CODE           	04B9	0000	26
		_EEPROM_write  		CODE           	050B	0000	36
		_I2C_Master_Init		CODE           	046B	0000	13
		_main          		CODE           	06E5	0000	135
		_I2C_Write     		CODE           	0478	0000	16
		_I2C_Stop      		CODE           	044B	0000	9
		_LCD_Set_Cursor		CODE           	052F	0000	54
		_I2C_Wait      		CODE           	045E	0000	13
		_I2C_Read      		CODE           	0488	0000	24
		_IO_Expander_Write		CODE           	04EE	0000	29
		_I2C_NACK      		CODE           	0454	0000	10
		_I2C_Start     		CODE           	0442	0000	9
		_LCD_Write_String		CODE           	0565	0000	66

main.c estimated size: 754

